java_package: "com.acme.widget.v1"
java_outer_classname: "TypesProto"
java_multiple_files: true
go_package: "github.com/acme/project/gen/acme/widget/v1;widgetv1"
objc_class_prefix: "AWX"
csharp_namespace: "Acme.Widget.V1"
php_namespace: "Acme\\Widget\\V1"
php_metadata_namespace: "Acme\\Widget\\V1\\GPBMetadata"
ruby_package: "Acme::Widget::V1"
